// Jest Snapshot v1, https://goo.gl/fbAQLP

exports[`PhotoTile should render correctly in "debug" mode 1`] = `ShallowWrapper {}`;
